src/app/admin/(dashboard)/messages/page.tsx(4,18): error TS2305: Module '"react-icons/fi"' has no exported member 'FiMailOpen'.
src/app/admin/(dashboard)/team/page.tsx(66,17): error TS2322: Type '"founder" | "co_founder" | "member"' is not assignable to type '"member"'.
  Type '"founder"' is not assignable to type '"member"'.
src/app/admin/(dashboard)/team/page.tsx(291,85): error TS2322: Type '"founder" | "co_founder" | "member"' is not assignable to type '"member"'.
  Type '"founder"' is not assignable to type '"member"'.
src/models/ImpactPost.ts(50,5): error TS2349: This expression is not callable.
  Type 'SaveOptions' has no call signatures.
src/models/Initiative.ts(60,5): error TS2349: This expression is not callable.
  Type 'SaveOptions' has no call signatures.
